Microchip MPLAB XC8 Compiler V2.32

Linker command line:

-W-3 --edf=C:\Program Files\Microchip\xc8\v2.32\pic\dat\en_msgs.txt -cn \
  -h+dist/default/production\PIC16F676_IRQ.X.production.sym \
  --cmf=dist/default/production\PIC16F676_IRQ.X.production.cmf -z -Q16F676 \
  -oC:\Users\Achim\AppData\Local\Temp\xcAs99s.5 --defsym=__MPLAB_BUILD=1 \
  -Mdist/default/production/PIC16F676_IRQ.X.production.map -E1 \
  -ver=XC8 Compiler --acfsm=1493 -ASTACK=05Ah-05Dh -pstack=STACK \
  -ACODE=00h-03FEh -ASTRCODE=00h-03FEh -ASTRING=00h-0FFhx3,0300h-03FEh \
  -ACONST=00h-0FFhx3,0300h-03FEh -AENTRY=00h-0FFhx3,0300h-03FEh \
  -ABANK0=020h-05Dh -ARAM=020h-05Dh -AABS1=020h-05Fh -ACOMMON=05Eh-05Fh \
  -ASFR0=00h-01Fh -ASFR1=080h-0DDh -ACONFIG=02007h-02007h -DCONFIG=2 \
  -AIDLOC=02000h-02003h -DIDLOC=2 -AEEDATA=00h-07Fh/02100h \
  -peeprom_data=EEDATA -DEEDATA=2 -DCODE=2 -DSTRCODE=2 -DSTRING=2 -DCONST=2 \
  -DENTRY=2 -preset_vec=00h,intentry=04h,init,end_init -ppowerup=CODE \
  -pcinit=CODE -pfunctab=ENTRY -posccal=03FFh -k \
  C:\Users\Achim\AppData\Local\Temp\xcAs99s.o \
  dist/default/production\PIC16F676_IRQ.X.production.o 

Object code version is 3.11

Machine type is 16F676



                Name                               Link     Load   Length Selector   Space Scale
C:\Users\Achim\AppData\Local\Temp\xcAs99s.o
                end_init                              B        B        1        8       0
                reset_vec                             0        0        1        0       0
                config                             2007     2007        1        0       4
dist/default/production\PIC16F676_IRQ.X.production.o
                cinit                                 C        C        7        8       0
                intentry                              4        4        7        8       0
                config                             2007     2007        1        0       4
                text6                               37F      37F       34        8       0
                text5                               269      269       68        8       0
                text4                               3B3      3B3       26        8       0
                text3                               2D1      2D1       67        8       0
                text2                               338      338       47        8       0
                text1                               1C2      1C2       A7        8       0
                maintext                             13       13      1AF        8       0
                cstackBANK0                          20       20       2A       20       1
                clrtext                             3D9      3D9        8        8       0
                bssBANK0                             4A       4A       10       20       1

TOTAL           Name                               Link     Load   Length     Space
        CLASS   STACK          

        CLASS   CODE           
                end_init                              B        B        1         0
                cinit                                 C        C        7         0
                intentry                              4        4        7         0
                reset_vec                             0        0        1         0
                text6                               37F      37F       34         0
                text5                               269      269       68         0
                text4                               3B3      3B3       26         0
                text3                               2D1      2D1       67         0
                text2                               338      338       47         0
                text1                               1C2      1C2       A7         0
                maintext                             13       13      1AF         0
                clrtext                             3D9      3D9        8         0

        CLASS   STRCODE        

        CLASS   STRING         

        CLASS   CONST          

        CLASS   ENTRY          

        CLASS   BANK0          
                cstackBANK0                          20       20       2A         1
                bssBANK0                             4A       4A       10         1

        CLASS   RAM            

        CLASS   ABS1           
                abs_s1                               5E       5E        2         1

        CLASS   COMMON         

        CLASS   SFR0           

        CLASS   SFR1           

        CLASS   CONFIG         
                config                             2007     2007        1         4

        CLASS   IDLOC          

        CLASS   EEDATA         

        CLASS   BANK1          



SEGMENTS        Name                           Load    Length   Top    Selector   Space  Class     Delta

                reset_vec                      000000  000001  000001         0       0  CODE        2
                intentry                       000004  0003DD  0003E1         8       0  CODE        2
                cstackBANK0                    000020  00003A  00005A        20       1  BANK0       1


UNUSED ADDRESS RANGES

        Name                Unused          Largest block    Delta
        BANK0            005A-005D              4           1
        CODE             0001-0003              3           2
                         03E1-03FE             1E
        CONST            0001-0003              3           2
                         03E1-03FE             1E
        EEDATA           2100-217F             80           2
        ENTRY            0001-0003              3           2
                         03E1-03FE             1E
        IDLOC            2000-2003              4           2
        RAM              005A-005D              4           1
        SFR0             0000-001F             20           1
        SFR1             0080-00DD             5E           1
        STACK            005A-005D              4           1
        STRCODE          0001-0003              3           2
                         03E1-03FE             1E
        STRING           0001-0003              3           2
                         03E1-03FE             1E

                                  Symbol Table

?___awdiv                      cstackBANK0  002A
?___lldiv                      cstackBANK0  0031
?___lmul                       cstackBANK0  0024
?___wmul                       cstackBANK0  0024
?_readADC                      cstackBANK0  003F
_ADCON0                        (abs)        001F
_ADCON1                        (abs)        009F
_ADRESH                        (abs)        001E
_ADRESL                        (abs)        009E
_ANSEL                         (abs)        0091
_Boost                         bssBANK0     004E
_CMCON                         (abs)        0019
_EinX                          bssBANK0     0056
_GO                            (abs)        00F9
_GetPoint                      bssBANK0     0050
_INTCON                        (abs)        000B
_IOCA                          (abs)        0096
_RA0                           (abs)        0028
_RAIE                          (abs)        005B
_RAIF                          (abs)        0058
_RC0                           (abs)        0038
_RC2                           (abs)        003A
_RC3                           (abs)        003B
_RC4                           (abs)        003C
_RC5                           (abs)        003D
_SetPoint                      bssBANK0     0052
_TRISA                         (abs)        0085
_TRISC                         (abs)        0087
_Triac                         bssBANK0     004A
_ZeroX                         bssBANK0     0058
__Habs1                        abs1         07FE
__Hbank0                       bank0        07FE
__Hbank1                       bank1        07FE
__HbssBANK0                    bssBANK0     07FE
__Hcinit                       cinit        0013
__Hclrtext                     clrtext      07FE
__Hcode                        code         07FE
__Hcommon                      common       07FE
__Hconfig                      config       2008
__HcstackBANK0                 cstackBANK0  07FE
__HcstackCOMMON                cstackCOMMON 07FE
__Heeprom_data                 eeprom_data  0000
__Hend_init                    end_init     000C
__Hfunctab                     functab      0000
__Hinit                        init         000B
__Hintentry                    intentry     000B
__Hmaintext                    maintext     07FE
__Hosccal                      osccal       03FF
__Hpowerup                     powerup      0000
__Hram                         ram          07FE
__Hreset_vec                   reset_vec    0001
__Hsfr0                        sfr0         07FE
__Hsfr1                        sfr1         07FE
__Hspace_0                     (abs)        07FE
__Hspace_1                     (abs)        07FE
__Hspace_2                     (abs)        0000
__Hspace_3                     (abs)        0000
__Hspace_4                     (abs)        400F
__Hstack                       stack        0000
__Hstrings                     strings      07FE
__Htext                        text         07FE
__Labs1                        abs1         07FE
__Lbank0                       bank0        07FE
__Lbank1                       bank1        07FE
__LbssBANK0                    bssBANK0     07FE
__Lcinit                       cinit        000C
__Lclrtext                     clrtext      07FE
__Lcode                        code         07FE
__Lcommon                      common       07FE
__Lconfig                      config       0000
__LcstackBANK0                 cstackBANK0  07FE
__LcstackCOMMON                cstackCOMMON 07FE
__Leeprom_data                 eeprom_data  0000
__Lend_init                    end_init     000B
__Lfunctab                     functab      0000
__Linit                        init         000B
__Lintentry                    intentry     0004
__Lmaintext                    maintext     07FE
__Losccal                      osccal       03FF
__Lpowerup                     powerup      0000
__Lram                         ram          07FE
__Lreset_vec                   reset_vec    0000
__Lsfr0                        sfr0         07FE
__Lsfr1                        sfr1         07FE
__Lspace_0                     (abs)        0000
__Lspace_1                     (abs)        0000
__Lspace_2                     (abs)        0000
__Lspace_3                     (abs)        0000
__Lspace_4                     (abs)        0000
__Lstack                       stack        0000
__Lstrings                     strings      07FE
__Ltext                        text         07FE
__S0                           (abs)        03E1
__S1                           (abs)        005A
__S2                           (abs)        0000
__S3                           (abs)        0000
___awdiv                       text5        0269
___awdiv@counter               cstackBANK0  002F
___awdiv@dividend              cstackBANK0  002C
___awdiv@divisor               cstackBANK0  002A
___awdiv@quotient              cstackBANK0  0031
___awdiv@sign                  cstackBANK0  0030
___int_sp                      stack        0000
___latbits                     (abs)        0000
___lldiv                       text3        02D1
___lldiv@counter               cstackBANK0  003E
___lldiv@dividend              cstackBANK0  0035
___lldiv@divisor               cstackBANK0  0031
___lldiv@quotient              cstackBANK0  003A
___lmul                        text2        0338
___lmul@multiplicand           cstackBANK0  0028
___lmul@multiplier             cstackBANK0  0024
___lmul@product                cstackBANK0  002D
___osccal_val                  osccal       03FF
___sp                          stack        0000
___stackhi                     (abs)        0000
___stacklo                     (abs)        0000
___wmul                        text4        03B3
___wmul@multiplicand           cstackBANK0  0026
___wmul@multiplier             cstackBANK0  0024
___wmul@product                cstackBANK0  0028
__end_of___awdiv               text5        02D1
__end_of___lldiv               text3        0338
__end_of___lmul                text2        037F
__end_of___wmul                text4        03D9
__end_of__initialization       cinit        0011
__end_of_interruptOnChangeIsr  text6        03B3
__end_of_main                  maintext     01C2
__end_of_readADC               text1        0269
__initialization               cinit        000C
__pbssBANK0                    bssBANK0     004A
__pcstackBANK0                 cstackBANK0  0020
__pcstackCOMMON                cstackCOMMON 0000
__pintentry                    intentry     0004
__pmaintext                    maintext     0013
__ptext1                       text1        01C2
__ptext2                       text2        0338
__ptext3                       text3        02D1
__ptext4                       text4        03B3
__ptext5                       text5        0269
__ptext6                       text6        037F
__size_of___awdiv              (abs)        0000
__size_of___lldiv              (abs)        0000
__size_of___lmul               (abs)        0000
__size_of___wmul               (abs)        0000
__size_of_interruptOnChangeIsr (abs)        0000
__size_of_main                 (abs)        0000
__size_of_readADC              (abs)        0000
_gnLED                         bssBANK0     004C
_interruptOnChangeIsr          text6        037F
_irqPin                        bssBANK0     0054
_main                          maintext     0013
_readADC                       text1        01C2
btemp                          (abs)        005E
clear_ram0                     clrtext      03D9
end_of_initialization          cinit        0011
interrupt_function             intentry     0004
intlevel0                      functab      0000
intlevel1                      functab      0000
intlevel2                      functab      0000
intlevel3                      functab      0000
intlevel4                      functab      0000
intlevel5                      functab      0000
readADC@Analog                 cstackBANK0  0045
reset_vec                      reset_vec    0000
saved_w                        (abs)        005E
start                          init         000B
start_initialization           cinit        000C
wtemp0                         (abs)        005E


MODULE INFORMATION

Module		Function		Class		Link	Load	Size
C:\Program Files\Microchip\xc8\v2.32\pic\sources\c90\common\Umul32.c
		___lmul        		CODE           	0338	0000	71

C:\Program Files\Microchip\xc8\v2.32\pic\sources\c90\common\Umul32.c estimated size: 71

shared
		__initialization		CODE           	000C	0000	5

shared estimated size: 5

C:\Program Files\Microchip\xc8\v2.32\pic\sources\c90\common\awdiv.c
		___awdiv       		CODE           	0269	0000	104

C:\Program Files\Microchip\xc8\v2.32\pic\sources\c90\common\awdiv.c estimated size: 104

C:\Program Files\Microchip\xc8\v2.32\pic\sources\c90\common\Umul16.c
		___wmul        		CODE           	03B3	0000	38

C:\Program Files\Microchip\xc8\v2.32\pic\sources\c90\common\Umul16.c estimated size: 38

main.c
		_interruptOnChangeIsr		CODE           	037F	0000	52
		_main          		CODE           	0013	0000	431
		_readADC       		CODE           	01C2	0000	167

main.c estimated size: 650

C:\Program Files\Microchip\xc8\v2.32\pic\sources\c90\common\__lldiv.c
		___lldiv       		CODE           	02D1	0000	103

C:\Program Files\Microchip\xc8\v2.32\pic\sources\c90\common\__lldiv.c estimated size: 103

